{
  "item": "p1-02 SC-97 (AC-19b) 신규 10 타입 스키마·Rust·C# 필드별 표 — 불일치 0",
  "verdict": "PASS",
  "types": 10,
  "rows_total": 141,
  "rows_per_type": {
    "MINE_RESOURCE": 6,
    "MINERAL_MINED": 22,
    "MINERAL_DISCOVERED": 22,
    "INVENTORY_STATE": 10,
    "DEPOSIT_FIELD_STATE": 13,
    "HISTORICAL_EVENT_NOTICE": 30,
    "MINERAL": 10,
    "DEPOSIT_FIELD": 10,
    "MINING_RULES": 8,
    "SIGNIFICANCE_RULE": 10
  },
  "types_with_zero_rows": [],
  "required_nullable_rows": 8,
  "mismatches": 0,
  "mismatch_detail": [],
  "rows": [
    {
      "type": "MINE_RESOURCE",
      "field": "command_id",
      "required": true,
      "nullable": false,
      "json_type": "string",
      "minimum": null,
      "maximum": null,
      "rust": "UuidV7",
      "rust_deserialize_with": false,
      "csharp": "System.Guid Req=Always",
      "lossless": {},
      "problems": []
    },
    {
      "type": "MINE_RESOURCE",
      "field": "command_type",
      "required": true,
      "nullable": false,
      "json_type": "string",
      "minimum": null,
      "maximum": null,
      "rust": "MineResourceType",
      "rust_deserialize_with": false,
      "csharp": "string Req=Always",
      "lossless": {},
      "problems": []
    },
    {
      "type": "MINE_RESOURCE",
      "field": "schema_version",
      "required": true,
      "nullable": false,
      "json_type": "integer",
      "minimum": 1,
      "maximum": 2147483647,
      "rust": "ConstSchemaVersion<1>",
      "rust_deserialize_with": false,
      "csharp": "int Req=Always",
      "lossless": {
        "csharp": true
      },
      "problems": []
    },
    {
      "type": "MINE_RESOURCE",
      "field": "client_sent_at",
      "required": true,
      "nullable": true,
      "json_type": "string",
      "minimum": null,
      "maximum": null,
      "rust": "Option<RealTime>",
      "rust_deserialize_with": true,
      "csharp": "string Req=AllowNull",
      "lossless": {},
      "problems": []
    },
    {
      "type": "MINE_RESOURCE",
      "field": "payload",
      "required": true,
      "nullable": false,
      "json_type": "object",
      "minimum": null,
      "maximum": null,
      "rust": "MineResourcePayload",
      "rust_deserialize_with": false,
      "csharp": "MineResourcePayload Req=Always",
      "lossless": {},
      "problems": []
    },
    {
      "type": "MINE_RESOURCE",
      "field": "payload.deposit_id",
      "required": true,
      "nullable": false,
      "json_type": "string",
      "minimum": null,
      "maximum": null,
      "rust": "DataId",
      "rust_deserialize_with": false,
      "csharp": "string Req=Always",
      "lossless": {},
      "problems": []
    },
    {
      "type": "MINERAL_MINED",
      "field": "event_id",
      "required": true,
      "nullable": false,
      "json_type": "string",
      "minimum": null,
      "maximum": null,
      "rust": "UuidV7",
      "rust_deserialize_with": false,
      "csharp": "System.Guid Req=Always",
      "lossless": {},
      "problems": []
    },
    {
      "type": "MINERAL_MINED",
      "field": "event_type",
      "required": true,
      "nullable": false,
      "json_type": "string",
      "minimum": null,
      "maximum": null,
      "rust": "MineralMinedType",
      "rust_deserialize_with": false,
      "csharp": "string Req=Always",
      "lossless": {},
      "problems": []
    },
    {
      "type": "MINERAL_MINED",
      "field": "schema_version",
      "required": true,
      "nullable": false,
      "json_type": "integer",
      "minimum": 1,
      "maximum": 2147483647,
      "rust": "ConstSchemaVersion<1>",
      "rust_deserialize_with": false,
      "csharp": "int Req=Always",
      "lossless": {
        "csharp": true
      },
      "problems": []
    },
    {
      "type": "MINERAL_MINED",
      "field": "world_id",
      "required": true,
      "nullable": false,
      "json_type": "string",
      "minimum": null,
      "maximum": null,
      "rust": "UuidV7",
      "rust_deserialize_with": false,
      "csharp": "System.Guid Req=Always",
      "lossless": {},
      "problems": []
    },
    {
      "type": "MINERAL_MINED",
      "field": "tick",
      "required": true,
      "nullable": false,
      "json_type": "integer",
      "minimum": 0,
      "maximum": 9007199254740991,
      "rust": "Tick",
      "rust_deserialize_with": false,
      "csharp": "long Req=Always",
      "lossless": {
        "csharp": true
      },
      "problems": []
    },
    {
      "type": "MINERAL_MINED",
      "field": "sequence",
      "required": true,
      "nullable": false,
      "json_type": "integer",
      "minimum": 0,
      "maximum": 9007199254740991,
      "rust": "Sequence",
      "rust_deserialize_with": false,
      "csharp": "long Req=Always",
      "lossless": {
        "csharp": true
      },
      "problems": []
    },
    {
      "type": "MINERAL_MINED",
      "field": "occurred_at",
      "required": true,
      "nullable": false,
      "json_type": "string",
      "minimum": null,
      "maximum": null,
      "rust": "GameTime",
      "rust_deserialize_with": false,
      "csharp": "string Req=Always",
      "lossless": {},
      "problems": []
    },
    {
      "type": "MINERAL_MINED",
      "field": "recorded_at",
      "required": true,
      "nullable": false,
      "json_type": "string",
      "minimum": null,
      "maximum": null,
      "rust": "RealTime",
      "rust_deserialize_with": false,
      "csharp": "string Req=Always",
      "lossless": {},
      "problems": []
    },
    {
      "type": "MINERAL_MINED",
      "field": "correlation_id",
      "required": true,
      "nullable": false,
      "json_type": "string",
      "minimum": null,
      "maximum": null,
      "rust": "UuidV7",
      "rust_deserialize_with": false,
      "csharp": "System.Guid Req=Always",
      "lossless": {},
      "problems": []
    },
    {
      "type": "MINERAL_MINED",
      "field": "causation_id",
      "required": true,
      "nullable": false,
      "json_type": "string",
      "minimum": null,
      "maximum": null,
      "rust": "UuidV7",
      "rust_deserialize_with": false,
      "csharp": "System.Guid Req=Always",
      "lossless": {},
      "problems": []
    },
    {
      "type": "MINERAL_MINED",
      "field": "actor_id",
      "required": true,
      "nullable": false,
      "json_type": "string",
      "minimum": null,
      "maximum": null,
      "rust": "UuidV7",
      "rust_deserialize_with": false,
      "csharp": "System.Guid Req=Always",
      "lossless": {},
      "problems": []
    },
    {
      "type": "MINERAL_MINED",
      "field": "payload",
      "required": true,
      "nullable": false,
      "json_type": "object",
      "minimum": null,
      "maximum": null,
      "rust": "MineralMinedPayload",
      "rust_deserialize_with": false,
      "csharp": "MineralMinedPayload Req=Always",
      "lossless": {},
      "problems": []
    },
    {
      "type": "MINERAL_MINED",
      "field": "payload.ship_id",
      "required": true,
      "nullable": false,
      "json_type": "string",
      "minimum": null,
      "maximum": null,
      "rust": "UuidV7",
      "rust_deserialize_with": false,
      "csharp": "System.Guid Req=Always",
      "lossless": {},
      "problems": []
    },
    {
      "type": "MINERAL_MINED",
      "field": "payload.session_id",
      "required": true,
      "nullable": false,
      "json_type": "string",
      "minimum": null,
      "maximum": null,
      "rust": "UuidV7",
      "rust_deserialize_with": false,
      "csharp": "System.Guid Req=Always",
      "lossless": {},
      "problems": []
    },
    {
      "type": "MINERAL_MINED",
      "field": "payload.star_system_id",
      "required": true,
      "nullable": false,
      "json_type": "string",
      "minimum": null,
      "maximum": null,
      "rust": "DataId",
      "rust_deserialize_with": false,
      "csharp": "string Req=Always",
      "lossless": {},
      "problems": []
    },
    {
      "type": "MINERAL_MINED",
      "field": "payload.deposit_id",
      "required": true,
      "nullable": false,
      "json_type": "string",
      "minimum": null,
      "maximum": null,
      "rust": "DataId",
      "rust_deserialize_with": false,
      "csharp": "string Req=Always",
      "lossless": {},
      "problems": []
    },
    {
      "type": "MINERAL_MINED",
      "field": "payload.mineral_id",
      "required": true,
      "nullable": false,
      "json_type": "string",
      "minimum": null,
      "maximum": null,
      "rust": "DataId",
      "rust_deserialize_with": false,
      "csharp": "string Req=Always",
      "lossless": {},
      "problems": []
    },
    {
      "type": "MINERAL_MINED",
      "field": "payload.quantity_kg",
      "required": true,
      "nullable": false,
      "json_type": "integer",
      "minimum": 1,
      "maximum": 2147483647,
      "rust": "MassKg",
      "rust_deserialize_with": true,
      "csharp": "int Req=Always",
      "lossless": {
        "csharp": true
      },
      "problems": []
    },
    {
      "type": "MINERAL_MINED",
      "field": "payload.quantity_before_kg",
      "required": true,
      "nullable": false,
      "json_type": "integer",
      "minimum": 0,
      "maximum": 2147483647,
      "rust": "MassKg",
      "rust_deserialize_with": false,
      "csharp": "int Req=Always",
      "lossless": {
        "csharp": true
      },
      "problems": []
    },
    {
      "type": "MINERAL_MINED",
      "field": "payload.quantity_after_kg",
      "required": true,
      "nullable": false,
      "json_type": "integer",
      "minimum": 1,
      "maximum": 2147483647,
      "rust": "MassKg",
      "rust_deserialize_with": true,
      "csharp": "int Req=Always",
      "lossless": {
        "csharp": true
      },
      "problems": []
    },
    {
      "type": "MINERAL_MINED",
      "field": "payload.deposit_remaining_before_kg",
      "required": true,
      "nullable": false,
      "json_type": "integer",
      "minimum": 1,
      "maximum": 2147483647,
      "rust": "MassKg",
      "rust_deserialize_with": true,
      "csharp": "int Req=Always",
      "lossless": {
        "csharp": true
      },
      "problems": []
    },
    {
      "type": "MINERAL_MINED",
      "field": "payload.deposit_remaining_after_kg",
      "required": true,
      "nullable": false,
      "json_type": "integer",
      "minimum": 0,
      "maximum": 2147483647,
      "rust": "MassKg",
      "rust_deserialize_with": false,
      "csharp": "int Req=Always",
      "lossless": {
        "csharp": true
      },
      "problems": []
    },
    {
      "type": "MINERAL_DISCOVERED",
      "field": "historical_event_id",
      "required": true,
      "nullable": false,
      "json_type": "string",
      "minimum": null,
      "maximum": null,
      "rust": "UuidV5",
      "rust_deserialize_with": false,
      "csharp": "System.Guid Req=Always",
      "lossless": {},
      "problems": []
    },
    {
      "type": "MINERAL_DISCOVERED",
      "field": "event_type",
      "required": true,
      "nullable": false,
      "json_type": "string",
      "minimum": null,
      "maximum": null,
      "rust": "MineralDiscoveredType",
      "rust_deserialize_with": false,
      "csharp": "string Req=Always",
      "lossless": {},
      "problems": []
    },
    {
      "type": "MINERAL_DISCOVERED",
      "field": "schema_version",
      "required": true,
      "nullable": false,
      "json_type": "integer",
      "minimum": 1,
      "maximum": 2147483647,
      "rust": "ConstSchemaVersion<1>",
      "rust_deserialize_with": false,
      "csharp": "int Req=Always",
      "lossless": {
        "csharp": true
      },
      "problems": []
    },
    {
      "type": "MINERAL_DISCOVERED",
      "field": "world_id",
      "required": true,
      "nullable": false,
      "json_type": "string",
      "minimum": null,
      "maximum": null,
      "rust": "UuidV7",
      "rust_deserialize_with": false,
      "csharp": "System.Guid Req=Always",
      "lossless": {},
      "problems": []
    },
    {
      "type": "MINERAL_DISCOVERED",
      "field": "rule_version",
      "required": true,
      "nullable": false,
      "json_type": "string",
      "minimum": null,
      "maximum": null,
      "rust": "RuleVersion",
      "rust_deserialize_with": false,
      "csharp": "string Req=Always",
      "lossless": {},
      "problems": []
    },
    {
      "type": "MINERAL_DISCOVERED",
      "field": "importance_level",
      "required": true,
      "nullable": false,
      "json_type": "integer",
      "minimum": 1,
      "maximum": 5,
      "rust": "u8",
      "rust_deserialize_with": true,
      "csharp": "int Req=Always",
      "lossless": {
        "csharp": true
      },
      "problems": []
    },
    {
      "type": "MINERAL_DISCOVERED",
      "field": "tick",
      "required": true,
      "nullable": false,
      "json_type": "integer",
      "minimum": 0,
      "maximum": 9007199254740991,
      "rust": "Tick",
      "rust_deserialize_with": false,
      "csharp": "long Req=Always",
      "lossless": {
        "csharp": true
      },
      "problems": []
    },
    {
      "type": "MINERAL_DISCOVERED",
      "field": "occurred_at",
      "required": true,
      "nullable": false,
      "json_type": "string",
      "minimum": null,
      "maximum": null,
      "rust": "GameTime",
      "rust_deserialize_with": false,
      "csharp": "string Req=Always",
      "lossless": {},
      "problems": []
    },
    {
      "type": "MINERAL_DISCOVERED",
      "field": "recorded_at",
      "required": true,
      "nullable": false,
      "json_type": "string",
      "minimum": null,
      "maximum": null,
      "rust": "RealTime",
      "rust_deserialize_with": false,
      "csharp": "string Req=Always",
      "lossless": {},
      "problems": []
    },
    {
      "type": "MINERAL_DISCOVERED",
      "field": "visibility",
      "required": true,
      "nullable": false,
      "json_type": "string",
      "minimum": null,
      "maximum": null,
      "rust": "HistoricalVisibility",
      "rust_deserialize_with": false,
      "csharp": "string Req=Always",
      "lossless": {},
      "problems": []
    },
    {
      "type": "MINERAL_DISCOVERED",
      "field": "fact_status",
      "required": true,
      "nullable": false,
      "json_type": "string",
      "minimum": null,
      "maximum": null,
      "rust": "FactStatus",
      "rust_deserialize_with": false,
      "csharp": "string Req=Always",
      "lossless": {},
      "problems": []
    },
    {
      "type": "MINERAL_DISCOVERED",
      "field": "source_event_ids",
      "required": true,
      "nullable": false,
      "json_type": "array",
      "minimum": null,
      "maximum": null,
      "rust": "Vec<UuidV7>",
      "rust_deserialize_with": true,
      "csharp": "System.Guid[] Req=Always",
      "lossless": {},
      "problems": []
    },
    {
      "type": "MINERAL_DISCOVERED",
      "field": "location",
      "required": true,
      "nullable": false,
      "json_type": "object",
      "minimum": null,
      "maximum": null,
      "rust": "HistoricalLocation",
      "rust_deserialize_with": false,
      "csharp": "HistoricalLocation Req=Always",
      "lossless": {},
      "problems": []
    },
    {
      "type": "MINERAL_DISCOVERED",
      "field": "location.star_system_id",
      "required": true,
      "nullable": false,
      "json_type": "string",
      "minimum": null,
      "maximum": null,
      "rust": "DataId",
      "rust_deserialize_with": false,
      "csharp": "string Req=Always",
      "lossless": {},
      "problems": []
    },
    {
      "type": "MINERAL_DISCOVERED",
      "field": "participants",
      "required": true,
      "nullable": false,
      "json_type": "array",
      "minimum": null,
      "maximum": null,
      "rust": "Vec<HistoricalParticipant>",
      "rust_deserialize_with": true,
      "csharp": "HistoricalParticipant[] Req=Always",
      "lossless": {},
      "problems": []
    },
    {
      "type": "MINERAL_DISCOVERED",
      "field": "participants[].entity_id",
      "required": true,
      "nullable": false,
      "json_type": "string",
      "minimum": null,
      "maximum": null,
      "rust": "UuidV7",
      "rust_deserialize_with": false,
      "csharp": "System.Guid Req=Always",
      "lossless": {},
      "problems": []
    },
    {
      "type": "MINERAL_DISCOVERED",
      "field": "participants[].entity_kind",
      "required": true,
      "nullable": false,
      "json_type": "string",
      "minimum": null,
      "maximum": null,
      "rust": "HistoricalEntityKind",
      "rust_deserialize_with": false,
      "csharp": "string Req=Always",
      "lossless": {},
      "problems": []
    },
    {
      "type": "MINERAL_DISCOVERED",
      "field": "participants[].role",
      "required": true,
      "nullable": false,
      "json_type": "string",
      "minimum": null,
      "maximum": null,
      "rust": "HistoricalRole",
      "rust_deserialize_with": false,
      "csharp": "string Req=Always",
      "lossless": {},
      "problems": []
    },
    {
      "type": "MINERAL_DISCOVERED",
      "field": "payload",
      "required": true,
      "nullable": false,
      "json_type": "object",
      "minimum": null,
      "maximum": null,
      "rust": "MineralDiscoveredPayload",
      "rust_deserialize_with": false,
      "csharp": "MineralDiscoveredPayload Req=Always",
      "lossless": {},
      "problems": []
    },
    {
      "type": "MINERAL_DISCOVERED",
      "field": "payload.mineral_id",
      "required": true,
      "nullable": false,
      "json_type": "string",
      "minimum": null,
      "maximum": null,
      "rust": "DataId",
      "rust_deserialize_with": false,
      "csharp": "string Req=Always",
      "lossless": {},
      "problems": []
    },
    {
      "type": "MINERAL_DISCOVERED",
      "field": "payload.deposit_id",
      "required": true,
      "nullable": false,
      "json_type": "string",
      "minimum": null,
      "maximum": null,
      "rust": "DataId",
      "rust_deserialize_with": false,
      "csharp": "string Req=Always",
      "lossless": {},
      "problems": []
    },
    {
      "type": "MINERAL_DISCOVERED",
      "field": "payload.quantity_kg",
      "required": true,
      "nullable": false,
      "json_type": "integer",
      "minimum": 1,
      "maximum": 2147483647,
      "rust": "MassKg",
      "rust_deserialize_with": true,
      "csharp": "int Req=Always",
      "lossless": {
        "csharp": true
      },
      "problems": []
    },
    {
      "type": "INVENTORY_STATE",
      "field": "message_id",
      "required": true,
      "nullable": false,
      "json_type": "string",
      "minimum": null,
      "maximum": null,
      "rust": "UuidV7",
      "rust_deserialize_with": false,
      "csharp": "System.Guid Req=Always",
      "lossless": {},
      "problems": []
    },
    {
      "type": "INVENTORY_STATE",
      "field": "message_type",
      "required": true,
      "nullable": false,
      "json_type": "string",
      "minimum": null,
      "maximum": null,
      "rust": "InventoryStateType",
      "rust_deserialize_with": false,
      "csharp": "string Req=Always",
      "lossless": {},
      "problems": []
    },
    {
      "type": "INVENTORY_STATE",
      "field": "schema_version",
      "required": true,
      "nullable": false,
      "json_type": "integer",
      "minimum": 1,
      "maximum": 2147483647,
      "rust": "ConstSchemaVersion<1>",
      "rust_deserialize_with": false,
      "csharp": "int Req=Always",
      "lossless": {
        "csharp": true
      },
      "problems": []
    },
    {
      "type": "INVENTORY_STATE",
      "field": "tick",
      "required": true,
      "nullable": false,
      "json_type": "integer",
      "minimum": 0,
      "maximum": 9007199254740991,
      "rust": "Tick",
      "rust_deserialize_with": false,
      "csharp": "long Req=Always",
      "lossless": {
        "csharp": true
      },
      "problems": []
    },
    {
      "type": "INVENTORY_STATE",
      "field": "correlation_id",
      "required": true,
      "nullable": true,
      "json_type": "string",
      "minimum": null,
      "maximum": null,
      "rust": "Option<UuidV7>",
      "rust_deserialize_with": true,
      "csharp": "System.Guid? Req=AllowNull",
      "lossless": {},
      "problems": []
    },
    {
      "type": "INVENTORY_STATE",
      "field": "payload",
      "required": true,
      "nullable": false,
      "json_type": "object",
      "minimum": null,
      "maximum": null,
      "rust": "InventoryStatePayload",
      "rust_deserialize_with": false,
      "csharp": "InventoryStatePayload Req=Always",
      "lossless": {},
      "problems": []
    },
    {
      "type": "INVENTORY_STATE",
      "field": "payload.actor_id",
      "required": true,
      "nullable": false,
      "json_type": "string",
      "minimum": null,
      "maximum": null,
      "rust": "UuidV7",
      "rust_deserialize_with": false,
      "csharp": "System.Guid Req=Always",
      "lossless": {},
      "problems": []
    },
    {
      "type": "INVENTORY_STATE",
      "field": "payload.items",
      "required": true,
      "nullable": false,
      "json_type": "array",
      "minimum": null,
      "maximum": null,
      "rust": "Vec<InventoryItem>",
      "rust_deserialize_with": false,
      "csharp": "InventoryItem[] Req=Always",
      "lossless": {},
      "problems": []
    },
    {
      "type": "INVENTORY_STATE",
      "field": "payload.items[].mineral_id",
      "required": true,
      "nullable": false,
      "json_type": "string",
      "minimum": null,
      "maximum": null,
      "rust": "DataId",
      "rust_deserialize_with": false,
      "csharp": "string Req=Always",
      "lossless": {},
      "problems": []
    },
    {
      "type": "INVENTORY_STATE",
      "field": "payload.items[].quantity_kg",
      "required": true,
      "nullable": false,
      "json_type": "integer",
      "minimum": 1,
      "maximum": 2147483647,
      "rust": "MassKg",
      "rust_deserialize_with": true,
      "csharp": "int Req=Always",
      "lossless": {
        "csharp": true
      },
      "problems": []
    },
    {
      "type": "DEPOSIT_FIELD_STATE",
      "field": "message_id",
      "required": true,
      "nullable": false,
      "json_type": "string",
      "minimum": null,
      "maximum": null,
      "rust": "UuidV7",
      "rust_deserialize_with": false,
      "csharp": "System.Guid Req=Always",
      "lossless": {},
      "problems": []
    },
    {
      "type": "DEPOSIT_FIELD_STATE",
      "field": "message_type",
      "required": true,
      "nullable": false,
      "json_type": "string",
      "minimum": null,
      "maximum": null,
      "rust": "DepositFieldStateType",
      "rust_deserialize_with": false,
      "csharp": "string Req=Always",
      "lossless": {},
      "problems": []
    },
    {
      "type": "DEPOSIT_FIELD_STATE",
      "field": "schema_version",
      "required": true,
      "nullable": false,
      "json_type": "integer",
      "minimum": 1,
      "maximum": 2147483647,
      "rust": "ConstSchemaVersion<1>",
      "rust_deserialize_with": false,
      "csharp": "int Req=Always",
      "lossless": {
        "csharp": true
      },
      "problems": []
    },
    {
      "type": "DEPOSIT_FIELD_STATE",
      "field": "tick",
      "required": true,
      "nullable": false,
      "json_type": "integer",
      "minimum": 0,
      "maximum": 9007199254740991,
      "rust": "Tick",
      "rust_deserialize_with": false,
      "csharp": "long Req=Always",
      "lossless": {
        "csharp": true
      },
      "problems": []
    },
    {
      "type": "DEPOSIT_FIELD_STATE",
      "field": "correlation_id",
      "required": true,
      "nullable": true,
      "json_type": "string",
      "minimum": null,
      "maximum": null,
      "rust": "Option<UuidV7>",
      "rust_deserialize_with": true,
      "csharp": "System.Guid? Req=AllowNull",
      "lossless": {},
      "problems": []
    },
    {
      "type": "DEPOSIT_FIELD_STATE",
      "field": "payload",
      "required": true,
      "nullable": false,
      "json_type": "object",
      "minimum": null,
      "maximum": null,
      "rust": "DepositFieldStatePayload",
      "rust_deserialize_with": false,
      "csharp": "DepositFieldStatePayload Req=Always",
      "lossless": {},
      "problems": []
    },
    {
      "type": "DEPOSIT_FIELD_STATE",
      "field": "payload.star_system_id",
      "required": true,
      "nullable": false,
      "json_type": "string",
      "minimum": null,
      "maximum": null,
      "rust": "DataId",
      "rust_deserialize_with": false,
      "csharp": "string Req=Always",
      "lossless": {},
      "problems": []
    },
    {
      "type": "DEPOSIT_FIELD_STATE",
      "field": "payload.deposits",
      "required": true,
      "nullable": false,
      "json_type": "array",
      "minimum": null,
      "maximum": null,
      "rust": "Vec<DepositState>",
      "rust_deserialize_with": false,
      "csharp": "DepositState[] Req=Always",
      "lossless": {},
      "problems": []
    },
    {
      "type": "DEPOSIT_FIELD_STATE",
      "field": "payload.deposits[].deposit_id",
      "required": true,
      "nullable": false,
      "json_type": "string",
      "minimum": null,
      "maximum": null,
      "rust": "DataId",
      "rust_deserialize_with": false,
      "csharp": "string Req=Always",
      "lossless": {},
      "problems": []
    },
    {
      "type": "DEPOSIT_FIELD_STATE",
      "field": "payload.deposits[].mineral_id",
      "required": true,
      "nullable": true,
      "json_type": "string",
      "minimum": null,
      "maximum": null,
      "rust": "Option<DataId>",
      "rust_deserialize_with": true,
      "csharp": "string Req=AllowNull",
      "lossless": {},
      "problems": []
    },
    {
      "type": "DEPOSIT_FIELD_STATE",
      "field": "payload.deposits[].initial_reserve_kg",
      "required": true,
      "nullable": true,
      "json_type": "integer",
      "minimum": 1,
      "maximum": 2147483647,
      "rust": "Option<MassKg>",
      "rust_deserialize_with": true,
      "csharp": "int? Req=AllowNull",
      "lossless": {
        "csharp": true
      },
      "problems": []
    },
    {
      "type": "DEPOSIT_FIELD_STATE",
      "field": "payload.deposits[].remaining_kg",
      "required": true,
      "nullable": true,
      "json_type": "integer",
      "minimum": 0,
      "maximum": 2147483647,
      "rust": "Option<MassKg>",
      "rust_deserialize_with": true,
      "csharp": "int? Req=AllowNull",
      "lossless": {
        "csharp": true
      },
      "problems": []
    },
    {
      "type": "DEPOSIT_FIELD_STATE",
      "field": "payload.deposits[].first_extracted_tick",
      "required": true,
      "nullable": true,
      "json_type": "integer",
      "minimum": 0,
      "maximum": 9007199254740991,
      "rust": "Option<Tick>",
      "rust_deserialize_with": true,
      "csharp": "long? Req=AllowNull",
      "lossless": {
        "csharp": true
      },
      "problems": []
    },
    {
      "type": "HISTORICAL_EVENT_NOTICE",
      "field": "message_id",
      "required": true,
      "nullable": false,
      "json_type": "string",
      "minimum": null,
      "maximum": null,
      "rust": "UuidV7",
      "rust_deserialize_with": false,
      "csharp": "System.Guid Req=Always",
      "lossless": {},
      "problems": []
    },
    {
      "type": "HISTORICAL_EVENT_NOTICE",
      "field": "message_type",
      "required": true,
      "nullable": false,
      "json_type": "string",
      "minimum": null,
      "maximum": null,
      "rust": "HistoricalEventNoticeType",
      "rust_deserialize_with": false,
      "csharp": "string Req=Always",
      "lossless": {},
      "problems": []
    },
    {
      "type": "HISTORICAL_EVENT_NOTICE",
      "field": "schema_version",
      "required": true,
      "nullable": false,
      "json_type": "integer",
      "minimum": 1,
      "maximum": 2147483647,
      "rust": "ConstSchemaVersion<1>",
      "rust_deserialize_with": false,
      "csharp": "int Req=Always",
      "lossless": {
        "csharp": true
      },
      "problems": []
    },
    {
      "type": "HISTORICAL_EVENT_NOTICE",
      "field": "tick",
      "required": true,
      "nullable": false,
      "json_type": "integer",
      "minimum": 0,
      "maximum": 9007199254740991,
      "rust": "Tick",
      "rust_deserialize_with": false,
      "csharp": "long Req=Always",
      "lossless": {
        "csharp": true
      },
      "problems": []
    },
    {
      "type": "HISTORICAL_EVENT_NOTICE",
      "field": "correlation_id",
      "required": true,
      "nullable": true,
      "json_type": "string",
      "minimum": null,
      "maximum": null,
      "rust": "Option<UuidV7>",
      "rust_deserialize_with": true,
      "csharp": "System.Guid? Req=AllowNull",
      "lossless": {},
      "problems": []
    },
    {
      "type": "HISTORICAL_EVENT_NOTICE",
      "field": "payload",
      "required": true,
      "nullable": false,
      "json_type": "object",
      "minimum": null,
      "maximum": null,
      "rust": "HistoricalEventNoticePayload",
      "rust_deserialize_with": false,
      "csharp": "HistoricalEventNoticePayload Req=Always",
      "lossless": {},
      "problems": []
    },
    {
      "type": "HISTORICAL_EVENT_NOTICE",
      "field": "payload.delivery",
      "required": true,
      "nullable": false,
      "json_type": "string",
      "minimum": null,
      "maximum": null,
      "rust": "HistoricalDelivery",
      "rust_deserialize_with": false,
      "csharp": "string Req=Always",
      "lossless": {},
      "problems": []
    },
    {
      "type": "HISTORICAL_EVENT_NOTICE",
      "field": "payload.historical_event",
      "required": true,
      "nullable": false,
      "json_type": "object",
      "minimum": null,
      "maximum": null,
      "rust": "MineralDiscoveredEvent",
      "rust_deserialize_with": false,
      "csharp": "MineralDiscoveredEvent Req=Always",
      "lossless": {},
      "problems": []
    },
    {
      "type": "HISTORICAL_EVENT_NOTICE",
      "field": "payload.historical_event.historical_event_id",
      "required": true,
      "nullable": false,
      "json_type": "string",
      "minimum": null,
      "maximum": null,
      "rust": "UuidV5",
      "rust_deserialize_with": false,
      "csharp": "System.Guid Req=Always",
      "lossless": {},
      "problems": []
    },
    {
      "type": "HISTORICAL_EVENT_NOTICE",
      "field": "payload.historical_event.event_type",
      "required": true,
      "nullable": false,
      "json_type": "string",
      "minimum": null,
      "maximum": null,
      "rust": "MineralDiscoveredType",
      "rust_deserialize_with": false,
      "csharp": "string Req=Always",
      "lossless": {},
      "problems": []
    },
    {
      "type": "HISTORICAL_EVENT_NOTICE",
      "field": "payload.historical_event.schema_version",
      "required": true,
      "nullable": false,
      "json_type": "integer",
      "minimum": 1,
      "maximum": 2147483647,
      "rust": "ConstSchemaVersion<1>",
      "rust_deserialize_with": false,
      "csharp": "int Req=Always",
      "lossless": {
        "csharp": true
      },
      "problems": []
    },
    {
      "type": "HISTORICAL_EVENT_NOTICE",
      "field": "payload.historical_event.world_id",
      "required": true,
      "nullable": false,
      "json_type": "string",
      "minimum": null,
      "maximum": null,
      "rust": "UuidV7",
      "rust_deserialize_with": false,
      "csharp": "System.Guid Req=Always",
      "lossless": {},
      "problems": []
    },
    {
      "type": "HISTORICAL_EVENT_NOTICE",
      "field": "payload.historical_event.rule_version",
      "required": true,
      "nullable": false,
      "json_type": "string",
      "minimum": null,
      "maximum": null,
      "rust": "RuleVersion",
      "rust_deserialize_with": false,
      "csharp": "string Req=Always",
      "lossless": {},
      "problems": []
    },
    {
      "type": "HISTORICAL_EVENT_NOTICE",
      "field": "payload.historical_event.importance_level",
      "required": true,
      "nullable": false,
      "json_type": "integer",
      "minimum": 1,
      "maximum": 5,
      "rust": "u8",
      "rust_deserialize_with": true,
      "csharp": "int Req=Always",
      "lossless": {
        "csharp": true
      },
      "problems": []
    },
    {
      "type": "HISTORICAL_EVENT_NOTICE",
      "field": "payload.historical_event.tick",
      "required": true,
      "nullable": false,
      "json_type": "integer",
      "minimum": 0,
      "maximum": 9007199254740991,
      "rust": "Tick",
      "rust_deserialize_with": false,
      "csharp": "long Req=Always",
      "lossless": {
        "csharp": true
      },
      "problems": []
    },
    {
      "type": "HISTORICAL_EVENT_NOTICE",
      "field": "payload.historical_event.occurred_at",
      "required": true,
      "nullable": false,
      "json_type": "string",
      "minimum": null,
      "maximum": null,
      "rust": "GameTime",
      "rust_deserialize_with": false,
      "csharp": "string Req=Always",
      "lossless": {},
      "problems": []
    },
    {
      "type": "HISTORICAL_EVENT_NOTICE",
      "field": "payload.historical_event.recorded_at",
      "required": true,
      "nullable": false,
      "json_type": "string",
      "minimum": null,
      "maximum": null,
      "rust": "RealTime",
      "rust_deserialize_with": false,
      "csharp": "string Req=Always",
      "lossless": {},
      "problems": []
    },
    {
      "type": "HISTORICAL_EVENT_NOTICE",
      "field": "payload.historical_event.visibility",
      "required": true,
      "nullable": false,
      "json_type": "string",
      "minimum": null,
      "maximum": null,
      "rust": "HistoricalVisibility",
      "rust_deserialize_with": false,
      "csharp": "string Req=Always",
      "lossless": {},
      "problems": []
    },
    {
      "type": "HISTORICAL_EVENT_NOTICE",
      "field": "payload.historical_event.fact_status",
      "required": true,
      "nullable": false,
      "json_type": "string",
      "minimum": null,
      "maximum": null,
      "rust": "FactStatus",
      "rust_deserialize_with": false,
      "csharp": "string Req=Always",
      "lossless": {},
      "problems": []
    },
    {
      "type": "HISTORICAL_EVENT_NOTICE",
      "field": "payload.historical_event.source_event_ids",
      "required": true,
      "nullable": false,
      "json_type": "array",
      "minimum": null,
      "maximum": null,
      "rust": "Vec<UuidV7>",
      "rust_deserialize_with": true,
      "csharp": "System.Guid[] Req=Always",
      "lossless": {},
      "problems": []
    },
    {
      "type": "HISTORICAL_EVENT_NOTICE",
      "field": "payload.historical_event.location",
      "required": true,
      "nullable": false,
      "json_type": "object",
      "minimum": null,
      "maximum": null,
      "rust": "HistoricalLocation",
      "rust_deserialize_with": false,
      "csharp": "HistoricalLocation Req=Always",
      "lossless": {},
      "problems": []
    },
    {
      "type": "HISTORICAL_EVENT_NOTICE",
      "field": "payload.historical_event.location.star_system_id",
      "required": true,
      "nullable": false,
      "json_type": "string",
      "minimum": null,
      "maximum": null,
      "rust": "DataId",
      "rust_deserialize_with": false,
      "csharp": "string Req=Always",
      "lossless": {},
      "problems": []
    },
    {
      "type": "HISTORICAL_EVENT_NOTICE",
      "field": "payload.historical_event.participants",
      "required": true,
      "nullable": false,
      "json_type": "array",
      "minimum": null,
      "maximum": null,
      "rust": "Vec<HistoricalParticipant>",
      "rust_deserialize_with": true,
      "csharp": "HistoricalParticipant[] Req=Always",
      "lossless": {},
      "problems": []
    },
    {
      "type": "HISTORICAL_EVENT_NOTICE",
      "field": "payload.historical_event.participants[].entity_id",
      "required": true,
      "nullable": false,
      "json_type": "string",
      "minimum": null,
      "maximum": null,
      "rust": "UuidV7",
      "rust_deserialize_with": false,
      "csharp": "System.Guid Req=Always",
      "lossless": {},
      "problems": []
    },
    {
      "type": "HISTORICAL_EVENT_NOTICE",
      "field": "payload.historical_event.participants[].entity_kind",
      "required": true,
      "nullable": false,
      "json_type": "string",
      "minimum": null,
      "maximum": null,
      "rust": "HistoricalEntityKind",
      "rust_deserialize_with": false,
      "csharp": "string Req=Always",
      "lossless": {},
      "problems": []
    },
    {
      "type": "HISTORICAL_EVENT_NOTICE",
      "field": "payload.historical_event.participants[].role",
      "required": true,
      "nullable": false,
      "json_type": "string",
      "minimum": null,
      "maximum": null,
      "rust": "HistoricalRole",
      "rust_deserialize_with": false,
      "csharp": "string Req=Always",
      "lossless": {},
      "problems": []
    },
    {
      "type": "HISTORICAL_EVENT_NOTICE",
      "field": "payload.historical_event.payload",
      "required": true,
      "nullable": false,
      "json_type": "object",
      "minimum": null,
      "maximum": null,
      "rust": "MineralDiscoveredPayload",
      "rust_deserialize_with": false,
      "csharp": "MineralDiscoveredPayload Req=Always",
      "lossless": {},
      "problems": []
    },
    {
      "type": "HISTORICAL_EVENT_NOTICE",
      "field": "payload.historical_event.payload.mineral_id",
      "required": true,
      "nullable": false,
      "json_type": "string",
      "minimum": null,
      "maximum": null,
      "rust": "DataId",
      "rust_deserialize_with": false,
      "csharp": "string Req=Always",
      "lossless": {},
      "problems": []
    },
    {
      "type": "HISTORICAL_EVENT_NOTICE",
      "field": "payload.historical_event.payload.deposit_id",
      "required": true,
      "nullable": false,
      "json_type": "string",
      "minimum": null,
      "maximum": null,
      "rust": "DataId",
      "rust_deserialize_with": false,
      "csharp": "string Req=Always",
      "lossless": {},
      "problems": []
    },
    {
      "type": "HISTORICAL_EVENT_NOTICE",
      "field": "payload.historical_event.payload.quantity_kg",
      "required": true,
      "nullable": false,
      "json_type": "integer",
      "minimum": 1,
      "maximum": 2147483647,
      "rust": "MassKg",
      "rust_deserialize_with": true,
      "csharp": "int Req=Always",
      "lossless": {
        "csharp": true
      },
      "problems": []
    },
    {
      "type": "MINERAL",
      "field": "schema_version",
      "required": true,
      "nullable": false,
      "json_type": "integer",
      "minimum": 1,
      "maximum": 2147483647,
      "rust": "SchemaVersion",
      "rust_deserialize_with": false,
      "csharp": "(데이터 — C# 열 없음)",
      "lossless": {},
      "problems": []
    },
    {
      "type": "MINERAL",
      "field": "id",
      "required": true,
      "nullable": false,
      "json_type": "string",
      "minimum": null,
      "maximum": null,
      "rust": "DataId",
      "rust_deserialize_with": false,
      "csharp": "(데이터 — C# 열 없음)",
      "lossless": {},
      "problems": []
    },
    {
      "type": "MINERAL",
      "field": "display_name",
      "required": true,
      "nullable": false,
      "json_type": "string",
      "minimum": null,
      "maximum": null,
      "rust": "String",
      "rust_deserialize_with": false,
      "csharp": "(데이터 — C# 열 없음)",
      "lossless": {},
      "problems": []
    },
    {
      "type": "MINERAL",
      "field": "rarity",
      "required": true,
      "nullable": false,
      "json_type": "string",
      "minimum": null,
      "maximum": null,
      "rust": "MineralRarity",
      "rust_deserialize_with": false,
      "csharp": "(데이터 — C# 열 없음)",
      "lossless": {},
      "problems": []
    },
    {
      "type": "MINERAL",
      "field": "designer_note",
      "required": false,
      "nullable": false,
      "json_type": "string",
      "minimum": null,
      "maximum": null,
      "rust": "Option<String>",
      "rust_deserialize_with": false,
      "csharp": "(데이터 — C# 열 없음)",
      "lossless": {},
      "problems": []
    },
    {
      "type": "MINERAL",
      "field": "extraction",
      "required": true,
      "nullable": false,
      "json_type": "object",
      "minimum": null,
      "maximum": null,
      "rust": "MineralExtraction",
      "rust_deserialize_with": false,
      "csharp": "(데이터 — C# 열 없음)",
      "lossless": {},
      "problems": []
    },
    {
      "type": "MINERAL",
      "field": "extraction.yield_per_extraction_kg",
      "required": true,
      "nullable": false,
      "json_type": "integer",
      "minimum": 1,
      "maximum": 2147483647,
      "rust": "MassKg",
      "rust_deserialize_with": true,
      "csharp": "(데이터 — C# 열 없음)",
      "lossless": {},
      "problems": []
    },
    {
      "type": "MINERAL",
      "field": "regeneration",
      "required": true,
      "nullable": false,
      "json_type": "object",
      "minimum": null,
      "maximum": null,
      "rust": "MineralRegeneration",
      "rust_deserialize_with": false,
      "csharp": "(데이터 — C# 열 없음)",
      "lossless": {},
      "problems": []
    },
    {
      "type": "MINERAL",
      "field": "regeneration.regen_kg",
      "required": true,
      "nullable": false,
      "json_type": "integer",
      "minimum": 1,
      "maximum": 2147483647,
      "rust": "MassKg",
      "rust_deserialize_with": true,
      "csharp": "(데이터 — C# 열 없음)",
      "lossless": {},
      "problems": []
    },
    {
      "type": "MINERAL",
      "field": "regeneration.regen_interval_s",
      "required": true,
      "nullable": false,
      "json_type": "integer",
      "minimum": 1,
      "maximum": 86400,
      "rust": "i64",
      "rust_deserialize_with": true,
      "csharp": "(데이터 — C# 열 없음)",
      "lossless": {},
      "problems": []
    },
    {
      "type": "DEPOSIT_FIELD",
      "field": "schema_version",
      "required": true,
      "nullable": false,
      "json_type": "integer",
      "minimum": 1,
      "maximum": 2147483647,
      "rust": "SchemaVersion",
      "rust_deserialize_with": false,
      "csharp": "(데이터 — C# 열 없음)",
      "lossless": {},
      "problems": []
    },
    {
      "type": "DEPOSIT_FIELD",
      "field": "star_system_id",
      "required": true,
      "nullable": false,
      "json_type": "string",
      "minimum": null,
      "maximum": null,
      "rust": "DataId",
      "rust_deserialize_with": false,
      "csharp": "(데이터 — C# 열 없음)",
      "lossless": {},
      "problems": []
    },
    {
      "type": "DEPOSIT_FIELD",
      "field": "designer_note",
      "required": false,
      "nullable": false,
      "json_type": "string",
      "minimum": null,
      "maximum": null,
      "rust": "Option<String>",
      "rust_deserialize_with": false,
      "csharp": "(데이터 — C# 열 없음)",
      "lossless": {},
      "problems": []
    },
    {
      "type": "DEPOSIT_FIELD",
      "field": "deposits",
      "required": true,
      "nullable": false,
      "json_type": "array",
      "minimum": null,
      "maximum": null,
      "rust": "Vec<Deposit>",
      "rust_deserialize_with": true,
      "csharp": "(데이터 — C# 열 없음)",
      "lossless": {},
      "problems": []
    },
    {
      "type": "DEPOSIT_FIELD",
      "field": "deposits[].id",
      "required": true,
      "nullable": false,
      "json_type": "string",
      "minimum": null,
      "maximum": null,
      "rust": "DataId",
      "rust_deserialize_with": false,
      "csharp": "(데이터 — C# 열 없음)",
      "lossless": {},
      "problems": []
    },
    {
      "type": "DEPOSIT_FIELD",
      "field": "deposits[].display_name",
      "required": true,
      "nullable": false,
      "json_type": "string",
      "minimum": null,
      "maximum": null,
      "rust": "String",
      "rust_deserialize_with": false,
      "csharp": "(데이터 — C# 열 없음)",
      "lossless": {},
      "problems": []
    },
    {
      "type": "DEPOSIT_FIELD",
      "field": "deposits[].mineral_id",
      "required": true,
      "nullable": false,
      "json_type": "string",
      "minimum": null,
      "maximum": null,
      "rust": "DataId",
      "rust_deserialize_with": false,
      "csharp": "(데이터 — C# 열 없음)",
      "lossless": {},
      "problems": []
    },
    {
      "type": "DEPOSIT_FIELD",
      "field": "deposits[].position_m",
      "required": true,
      "nullable": false,
      "json_type": "array",
      "minimum": null,
      "maximum": null,
      "rust": "Triplet",
      "rust_deserialize_with": true,
      "csharp": "(데이터 — C# 열 없음)",
      "lossless": {},
      "problems": []
    },
    {
      "type": "DEPOSIT_FIELD",
      "field": "deposits[].radius_m",
      "required": true,
      "nullable": false,
      "json_type": "number",
      "minimum": null,
      "maximum": 1000.0,
      "rust": "f64",
      "rust_deserialize_with": true,
      "csharp": "(데이터 — C# 열 없음)",
      "lossless": {},
      "problems": []
    },
    {
      "type": "DEPOSIT_FIELD",
      "field": "deposits[].initial_reserve_kg",
      "required": true,
      "nullable": false,
      "json_type": "integer",
      "minimum": 1,
      "maximum": 2147483647,
      "rust": "MassKg",
      "rust_deserialize_with": true,
      "csharp": "(데이터 — C# 열 없음)",
      "lossless": {},
      "problems": []
    },
    {
      "type": "MINING_RULES",
      "field": "schema_version",
      "required": true,
      "nullable": false,
      "json_type": "integer",
      "minimum": 1,
      "maximum": 2147483647,
      "rust": "SchemaVersion",
      "rust_deserialize_with": false,
      "csharp": "(데이터 — C# 열 없음)",
      "lossless": {},
      "problems": []
    },
    {
      "type": "MINING_RULES",
      "field": "id",
      "required": true,
      "nullable": false,
      "json_type": "string",
      "minimum": null,
      "maximum": null,
      "rust": "DataId",
      "rust_deserialize_with": false,
      "csharp": "(데이터 — C# 열 없음)",
      "lossless": {},
      "problems": []
    },
    {
      "type": "MINING_RULES",
      "field": "designer_note",
      "required": false,
      "nullable": false,
      "json_type": "string",
      "minimum": null,
      "maximum": null,
      "rust": "Option<String>",
      "rust_deserialize_with": false,
      "csharp": "(데이터 — C# 열 없음)",
      "lossless": {},
      "problems": []
    },
    {
      "type": "MINING_RULES",
      "field": "extraction",
      "required": true,
      "nullable": false,
      "json_type": "object",
      "minimum": null,
      "maximum": null,
      "rust": "MiningExtractionRules",
      "rust_deserialize_with": false,
      "csharp": "(데이터 — C# 열 없음)",
      "lossless": {},
      "problems": []
    },
    {
      "type": "MINING_RULES",
      "field": "extraction.mining_range_from_surface_m",
      "required": true,
      "nullable": false,
      "json_type": "number",
      "minimum": null,
      "maximum": 5000.0,
      "rust": "f64",
      "rust_deserialize_with": true,
      "csharp": "(데이터 — C# 열 없음)",
      "lossless": {},
      "problems": []
    },
    {
      "type": "MINING_RULES",
      "field": "extraction.max_ship_speed_mps",
      "required": true,
      "nullable": false,
      "json_type": "number",
      "minimum": 0.0,
      "maximum": 1000.0,
      "rust": "f64",
      "rust_deserialize_with": true,
      "csharp": "(데이터 — C# 열 없음)",
      "lossless": {},
      "problems": []
    },
    {
      "type": "MINING_RULES",
      "field": "extraction.cooldown_s",
      "required": true,
      "nullable": false,
      "json_type": "integer",
      "minimum": 1,
      "maximum": 3600,
      "rust": "i64",
      "rust_deserialize_with": true,
      "csharp": "(데이터 — C# 열 없음)",
      "lossless": {},
      "problems": []
    },
    {
      "type": "MINING_RULES",
      "field": "extraction.note",
      "required": false,
      "nullable": false,
      "json_type": "string",
      "minimum": null,
      "maximum": null,
      "rust": "Option<String>",
      "rust_deserialize_with": false,
      "csharp": "(데이터 — C# 열 없음)",
      "lossless": {},
      "problems": []
    },
    {
      "type": "SIGNIFICANCE_RULE",
      "field": "schema_version",
      "required": true,
      "nullable": false,
      "json_type": "integer",
      "minimum": 1,
      "maximum": 2147483647,
      "rust": "SchemaVersion",
      "rust_deserialize_with": false,
      "csharp": "(데이터 — C# 열 없음)",
      "lossless": {},
      "problems": []
    },
    {
      "type": "SIGNIFICANCE_RULE",
      "field": "rule_id",
      "required": true,
      "nullable": false,
      "json_type": "string",
      "minimum": null,
      "maximum": null,
      "rust": "DataId",
      "rust_deserialize_with": false,
      "csharp": "(데이터 — C# 열 없음)",
      "lossless": {},
      "problems": []
    },
    {
      "type": "SIGNIFICANCE_RULE",
      "field": "rule_version",
      "required": true,
      "nullable": false,
      "json_type": "string",
      "minimum": null,
      "maximum": null,
      "rust": "RuleVersion",
      "rust_deserialize_with": false,
      "csharp": "(데이터 — C# 열 없음)",
      "lossless": {},
      "problems": []
    },
    {
      "type": "SIGNIFICANCE_RULE",
      "field": "produces_event_type",
      "required": true,
      "nullable": false,
      "json_type": "string",
      "minimum": null,
      "maximum": null,
      "rust": "String",
      "rust_deserialize_with": true,
      "csharp": "(데이터 — C# 열 없음)",
      "lossless": {},
      "problems": []
    },
    {
      "type": "SIGNIFICANCE_RULE",
      "field": "importance_level",
      "required": true,
      "nullable": false,
      "json_type": "integer",
      "minimum": 1,
      "maximum": 5,
      "rust": "u8",
      "rust_deserialize_with": true,
      "csharp": "(데이터 — C# 열 없음)",
      "lossless": {},
      "problems": []
    },
    {
      "type": "SIGNIFICANCE_RULE",
      "field": "visibility",
      "required": true,
      "nullable": false,
      "json_type": "string",
      "minimum": null,
      "maximum": null,
      "rust": "HistoricalVisibility",
      "rust_deserialize_with": false,
      "csharp": "(데이터 — C# 열 없음)",
      "lossless": {},
      "problems": []
    },
    {
      "type": "SIGNIFICANCE_RULE",
      "field": "designer_note",
      "required": false,
      "nullable": false,
      "json_type": "string",
      "minimum": null,
      "maximum": null,
      "rust": "Option<String>",
      "rust_deserialize_with": false,
      "csharp": "(데이터 — C# 열 없음)",
      "lossless": {},
      "problems": []
    },
    {
      "type": "SIGNIFICANCE_RULE",
      "field": "evidence",
      "required": true,
      "nullable": false,
      "json_type": "object",
      "minimum": null,
      "maximum": null,
      "rust": "SignificanceRuleEvidence",
      "rust_deserialize_with": false,
      "csharp": "(데이터 — C# 열 없음)",
      "lossless": {},
      "problems": []
    },
    {
      "type": "SIGNIFICANCE_RULE",
      "field": "evidence.evidence_type",
      "required": true,
      "nullable": false,
      "json_type": "string",
      "minimum": null,
      "maximum": null,
      "rust": "EvidenceType",
      "rust_deserialize_with": false,
      "csharp": "(데이터 — C# 열 없음)",
      "lossless": {},
      "problems": []
    },
    {
      "type": "SIGNIFICANCE_RULE",
      "field": "evidence.visibility",
      "required": true,
      "nullable": false,
      "json_type": "string",
      "minimum": null,
      "maximum": null,
      "rust": "HistoricalVisibility",
      "rust_deserialize_with": false,
      "csharp": "(데이터 — C# 열 없음)",
      "lossless": {},
      "problems": []
    }
  ]
}
