ok   양성: 기대한 그대로: 기대 PASS / 실제 PASS
ok   음성: 종료 코드가 0: 기대 FAIL / 실제 FAIL
ok   음성: 거부 로그가 없다(다른 이유로 죽음): 기대 FAIL / 실제 FAIL
ok   음성: 다른 필드로 거부됐다: 기대 FAIL / 실제 FAIL
ok   음성: rule 이 다르다: 기대 FAIL / 실제 FAIL
ok   음성: 심은 값이 로그에 없다: 기대 FAIL / 실제 FAIL
ok   음성: file= 토큰이 없다(파일명을 안 찍는다): 기대 FAIL / 실제 FAIL
ok   음성: file= 는 있는데 다른 파일이다: 기대 FAIL / 실제 FAIL
ok   음성: derived 인데 expected= 토큰이 없다: 기대 FAIL / 실제 FAIL
ok   음성: 검증자 이름만 찍는다 — 필드 지칭 없음 (구제 전, 사례 ①): 기대 FAIL / 실제 FAIL
ok   양성: JSON 경로가 앞에 붙어 필드가 특정된다 (구제 ⓐ 후) — 공유는 그대로다: 기대 PASS / 실제 PASS
ok   음성: 형제 필드가 대신 찍혔다 (soft ↔ hard, cradle.json:16,17 한 줄 차이): 기대 FAIL / 실제 FAIL
ok   음성: 검증자 이름이 필드명을 품었을 뿐이다 (de_points_m ⊃ points_m): 기대 FAIL / 실제 FAIL
ok   양성: 메시지가 필드명을 직접 적는다 (사례 ② 의 구제 전 로그): 기대 PASS / 실제 PASS
ok   양성: data 로딩이 DB 오류보다 먼저다: 기대 PASS / 실제 PASS
ok   음성: 순서가 뒤집혔다(DB 가 먼저 — 전제 붕괴): 기대 FAIL / 실제 FAIL
ok   음성: data 로딩 완료 자체가 없다: 기대 FAIL / 실제 FAIL
ok   음성: DB 단계에 닿지도 못했다(로그가 한 줄): 기대 FAIL / 실제 FAIL
ok   음성: 순서는 맞지만 데이터 거부가 섞여 있다: 기대 FAIL / 실제 FAIL
ok   양성: 파일 = 적용: 기대 True / 실제 True
ok   음성: 미적용 0004, 선언 줄 없음 → 기동 중단: 기대 False / 실제 False
ok   양성: 미적용 0004, 추적 파일에 소유자 선언: 기대 True / 실제 True
ok   음성: 다른 번호만 선언(0005) — 0004 는 여전히 미선언: 기대 False / 실제 False
ok   음성: 파일 0 개(경로 오류) — 자명 통과 금지: 기대 False / 실제 False
ok   음성: 적용된 0003 의 파일이 사라졌다: 기대 False / 실제 False
ok   바이너리 훅 검사: 주입 문자열 있음 → 거부: 기대 True / 실제 True
ok   바이너리 훅 검사: 없음 → 통과: 기대 True / 실제 True
ok   선언 줄 파싱: 정형: 기대 True / 실제 True
ok   선언 줄 파싱: 소유자·날짜 없는 줄은 선언이 아니다: 기대 True / 실제 True
ok   선언 줄 파싱: 날짜 없는 줄은 선언이 아니다: 기대 True / 실제 True
ok   선언 줄 파싱: 본문 속 언급은 선언이 아니다: 기대 True / 실제 True
ok   선언 줄 파싱: 날짜 뒤 덧붙임은 선언이 아니다: 기대 True / 실제 True

32/32 케이스 통과 (judge_case 9 · schema 필드 특정 5 · judge_negative_control 5 · 마이그레이션 동결 13)
